// Jest Snapshot v1, https://goo.gl/fbAQLP

exports[`envuse should create data source 1`] = `
"{
  \\"$type\\": \\"Block\\",
  \\"pos\\": 0,
  \\"end\\": 16,
  \\"children\\": [
    {
      \\"$type\\": \\"Variable\\",
      \\"pos\\": 0,
      \\"end\\": 8,
      \\"keyVariable\\": {
        \\"$type\\": \\"VariableKey\\",
        \\"pos\\": 0,
        \\"end\\": 3,
        \\"value\\": \\"FOO\\"
      },
      \\"valueVariable\\": {
        \\"$type\\": \\"VariableValue\\",
        \\"pos\\": 4,
        \\"end\\": 7,
        \\"value\\": \\"bar\\"
      }
    },
    {
      \\"$type\\": \\"Variable\\",
      \\"pos\\": 8,
      \\"end\\": 16,
      \\"keyVariable\\": {
        \\"$type\\": \\"VariableKey\\",
        \\"pos\\": 8,
        \\"end\\": 11,
        \\"value\\": \\"BAZ\\"
      },
      \\"valueVariable\\": {
        \\"$type\\": \\"VariableValue\\",
        \\"pos\\": 12,
        \\"end\\": 15,
        \\"value\\": \\"qux\\"
      }
    }
  ]
}"
`;
