// Jest Snapshot v1, https://goo.gl/fbAQLP

exports[`diff should diff deleted 1`] = `
Object {
  "changes": Array [
    Object {
      "base": Object {
        "$type": "Variable",
        "children": undefined,
        "end": 24,
        "keyVariable": Object {
          "$type": "VariableKey",
          "children": undefined,
          "end": 19,
          "pos": 16,
          "value": "ccc",
        },
        "pos": 16,
        "typeVariable": undefined,
        "valueVariable": Object {
          "$type": "VariableValue",
          "children": undefined,
          "end": 23,
          "pos": 20,
          "value": "ddd",
        },
      },
      "type": "deleted",
    },
    Object {
      "base": Object {
        "$type": "Variable",
        "children": undefined,
        "end": 32,
        "keyVariable": Object {
          "$type": "VariableKey",
          "children": undefined,
          "end": 27,
          "pos": 24,
          "value": "hhh",
        },
        "pos": 24,
        "typeVariable": undefined,
        "valueVariable": Object {
          "$type": "VariableValue",
          "children": undefined,
          "end": 31,
          "pos": 28,
          "value": "iii",
        },
      },
      "compare": Object {
        "$type": "Variable",
        "children": undefined,
        "end": 32,
        "keyVariable": Object {
          "$type": "VariableKey",
          "children": undefined,
          "end": 27,
          "pos": 24,
          "value": "hhh",
        },
        "pos": 24,
        "typeVariable": undefined,
        "valueVariable": Object {
          "$type": "VariableValue",
          "children": undefined,
          "end": 31,
          "pos": 28,
          "value": "jjj",
        },
      },
      "type": "changed",
    },
    Object {
      "compare": Object {
        "$type": "Variable",
        "children": undefined,
        "end": 24,
        "keyVariable": Object {
          "$type": "VariableKey",
          "children": undefined,
          "end": 19,
          "pos": 16,
          "value": "eee",
        },
        "pos": 16,
        "typeVariable": undefined,
        "valueVariable": Object {
          "$type": "VariableValue",
          "children": undefined,
          "end": 23,
          "pos": 20,
          "value": "fff",
        },
      },
      "type": "append",
    },
  ],
}
`;
