// Jest Snapshot v1, https://goo.gl/fbAQLP

exports[`parse ast should parse ast operator 1`] = `
"{
  \\"$type\\": \\"Block\\",
  \\"pos\\": 0,
  \\"end\\": 21,
  \\"children\\": [
    {
      \\"$type\\": \\"CommentOperator\\",
      \\"pos\\": 0,
      \\"end\\": 20,
      \\"operator\\": {
        \\"$type\\": \\"VariableKey\\",
        \\"pos\\": 3,
        \\"end\\": 5,
        \\"value\\": \\"if\\"
      },
      \\"statement\\": {
        \\"$type\\": \\"CommentOperatorStatement\\",
        \\"pos\\": 6,
        \\"end\\": 11,
        \\"statements\\": [
          {
            \\"$type\\": \\"StatementObject\\",
            \\"pos\\": 6,
            \\"end\\": 10,
            \\"type\\": \\"Boolean\\",
            \\"value\\": true
          }
        ]
      },
      \\"block\\": {
        \\"$type\\": \\"Block\\",
        \\"pos\\": 11,
        \\"end\\": 20,
        \\"children\\": [
          {
            \\"$type\\": \\"Variable\\",
            \\"pos\\": 11,
            \\"end\\": 15,
            \\"keyVariable\\": {
              \\"$type\\": \\"VariableKey\\",
              \\"pos\\": 11,
              \\"end\\": 12,
              \\"value\\": \\"a\\"
            },
            \\"valueVariable\\": {
              \\"$type\\": \\"VariableValue\\",
              \\"pos\\": 13,
              \\"end\\": 14,
              \\"value\\": \\"b\\"
            }
          }
        ]
      }
    },
    {
      \\"$type\\": \\"SpaceNewLine\\",
      \\"pos\\": 20,
      \\"end\\": 21
    }
  ]
}"
`;

exports[`parse ast should parse ast variable 1`] = `
"{
  \\"$type\\": \\"Block\\",
  \\"pos\\": 0,
  \\"end\\": 4,
  \\"children\\": [
    {
      \\"$type\\": \\"Variable\\",
      \\"pos\\": 0,
      \\"end\\": 4,
      \\"keyVariable\\": {
        \\"$type\\": \\"VariableKey\\",
        \\"pos\\": 0,
        \\"end\\": 1,
        \\"value\\": \\"a\\"
      },
      \\"valueVariable\\": {
        \\"$type\\": \\"VariableValue\\",
        \\"pos\\": 2,
        \\"end\\": 3,
        \\"value\\": \\"3\\"
      }
    }
  ]
}"
`;
