Ok(
    Node(
        Token {
            span: Span {
                start: Point {
                    line: 1,
                    column: 1,
                },
                end: Point {
                    line: 1,
                    column: 14,
                },
                range: Range {
                    start: 0,
                    end: 13,
                },
            },
        },
        InlineComment(
            InlineComment {
                ident_number: Node(
                    Token {
                        span: Span {
                            start: Point {
                                line: 1,
                                column: 1,
                            },
                            end: Point {
                                line: 1,
                                column: 2,
                            },
                            range: Range {
                                start: 0,
                                end: 1,
                            },
                        },
                    },
                    Literal(
                        Literal(
                            "#",
                        ),
                    ),
                ),
                comment: Node(
                    Token {
                        span: Span {
                            start: Point {
                                line: 1,
                                column: 2,
                            },
                            end: Point {
                                line: 1,
                                column: 14,
                            },
                            range: Range {
                                start: 1,
                                end: 13,
                            },
                        },
                    },
                    Literal(
                        Literal(
                            " Iam comment",
                        ),
                    ),
                ),
            },
        ),
    ),
)