Node(
    Token {
        span: Span {
            start: Point {
                line: 1,
                column: 1,
            },
            end: Point {
                line: 1,
                column: 20,
            },
            range: Range {
                start: 0,
                end: 19,
            },
        },
    },
    VariableLink(
        VariableLink {
            variable: Node(
                Token {
                    span: Span {
                        start: Point {
                            line: 1,
                            column: 3,
                        },
                        end: Point {
                            line: 1,
                            column: 6,
                        },
                        range: Range {
                            start: 2,
                            end: 5,
                        },
                    },
                },
                VariableName(
                    VariableName {
                        name: "ABC",
                    },
                ),
            ),
            options: [
                Node(
                    Token {
                        span: Span {
                            start: Point {
                                line: 1,
                                column: 8,
                            },
                            end: Point {
                                line: 1,
                                column: 12,
                            },
                            range: Range {
                                start: 7,
                                end: 11,
                            },
                        },
                    },
                    VariableName(
                        VariableName {
                            name: "json",
                        },
                    ),
                ),
                Node(
                    Token {
                        span: Span {
                            start: Point {
                                line: 1,
                                column: 14,
                            },
                            end: Point {
                                line: 1,
                                column: 19,
                            },
                            range: Range {
                                start: 13,
                                end: 18,
                            },
                        },
                    },
                    VariableName(
                        VariableName {
                            name: "upper",
                        },
                    ),
                ),
            ],
        },
    ),
)