Ok(
    Node(
        Token {
            span: Span {
                start: Point {
                    line: 1,
                    column: 1,
                },
                end: Point {
                    line: 1,
                    column: 5,
                },
                range: Range {
                    start: 0,
                    end: 4,
                },
            },
        },
        Variable(
            Variable {
                variable_name: Node(
                    Token {
                        span: Span {
                            start: Point {
                                line: 1,
                                column: 1,
                            },
                            end: Point {
                                line: 1,
                                column: 4,
                            },
                            range: Range {
                                start: 0,
                                end: 3,
                            },
                        },
                    },
                    VariableName(
                        VariableName {
                            name: "abc",
                        },
                    ),
                ),
                variable_type: None,
                variable_value: None,
            },
        ),
    ),
)