Ok(
    Node(
        Token {
            span: Span {
                start: Point {
                    line: 1,
                    column: 1,
                },
                end: Point {
                    line: 1,
                    column: 14,
                },
                range: Range {
                    start: 0,
                    end: 13,
                },
            },
        },
        Variable(
            Variable {
                variable_name: Node(
                    Token {
                        span: Span {
                            start: Point {
                                line: 1,
                                column: 1,
                            },
                            end: Point {
                                line: 1,
                                column: 4,
                            },
                            range: Range {
                                start: 0,
                                end: 3,
                            },
                        },
                    },
                    VariableName(
                        VariableName {
                            name: "abc",
                        },
                    ),
                ),
                variable_type: Some(
                    Node(
                        Token {
                            span: Span {
                                start: Point {
                                    line: 1,
                                    column: 4,
                                },
                                end: Point {
                                    line: 1,
                                    column: 11,
                                },
                                range: Range {
                                    start: 3,
                                    end: 10,
                                },
                            },
                        },
                        VariableType(
                            VariableType {
                                variable_type: Node(
                                    Token {
                                        span: Span {
                                            start: Point {
                                                line: 1,
                                                column: 5,
                                            },
                                            end: Point {
                                                line: 1,
                                                column: 11,
                                            },
                                            range: Range {
                                                start: 4,
                                                end: 10,
                                            },
                                        },
                                    },
                                    VariableName(
                                        VariableName {
                                            name: "number",
                                        },
                                    ),
                                ),
                            },
                        ),
                    ),
                ),
                variable_value: Some(
                    Node(
                        Token {
                            span: Span {
                                start: Point {
                                    line: 1,
                                    column: 12,
                                },
                                end: Point {
                                    line: 1,
                                    column: 14,
                                },
                                range: Range {
                                    start: 11,
                                    end: 13,
                                },
                            },
                        },
                        VariableTemplate(
                            VariableTemplate {
                                template: [
                                    Node(
                                        Token {
                                            span: Span {
                                                start: Point {
                                                    line: 1,
                                                    column: 13,
                                                },
                                                end: Point {
                                                    line: 1,
                                                    column: 13,
                                                },
                                                range: Range {
                                                    start: 12,
                                                    end: 12,
                                                },
                                            },
                                        },
                                        Literal(
                                            Literal(
                                                "",
                                            ),
                                        ),
                                    ),
                                ],
                            },
                        ),
                    ),
                ),
            },
        ),
    ),
)