Ok(
    Node(
        Token {
            span: Span {
                start: Point {
                    line: 1,
                    column: 1,
                },
                end: Point {
                    line: 1,
                    column: 11,
                },
                range: Range {
                    start: 0,
                    end: 10,
                },
            },
        },
        Variable(
            Variable {
                variable_name: Node(
                    Token {
                        span: Span {
                            start: Point {
                                line: 1,
                                column: 1,
                            },
                            end: Point {
                                line: 1,
                                column: 4,
                            },
                            range: Range {
                                start: 0,
                                end: 3,
                            },
                        },
                    },
                    VariableName(
                        VariableName {
                            name: "abc",
                        },
                    ),
                ),
                variable_type: Some(
                    Node(
                        Token {
                            span: Span {
                                start: Point {
                                    line: 1,
                                    column: 4,
                                },
                                end: Point {
                                    line: 1,
                                    column: 11,
                                },
                                range: Range {
                                    start: 3,
                                    end: 10,
                                },
                            },
                        },
                        VariableType(
                            VariableType {
                                variable_type: Node(
                                    Token {
                                        span: Span {
                                            start: Point {
                                                line: 1,
                                                column: 5,
                                            },
                                            end: Point {
                                                line: 1,
                                                column: 11,
                                            },
                                            range: Range {
                                                start: 4,
                                                end: 10,
                                            },
                                        },
                                    },
                                    VariableName(
                                        VariableName {
                                            name: "string",
                                        },
                                    ),
                                ),
                            },
                        ),
                    ),
                ),
                variable_value: None,
            },
        ),
    ),
)