Ok(
    Node(
        Token {
            span: Span {
                start: Point {
                    line: 1,
                    column: 1,
                },
                end: Point {
                    line: 1,
                    column: 8,
                },
                range: Range {
                    start: 0,
                    end: 7,
                },
            },
        },
        VariableType(
            VariableType {
                variable_type: Node(
                    Token {
                        span: Span {
                            start: Point {
                                line: 1,
                                column: 2,
                            },
                            end: Point {
                                line: 1,
                                column: 8,
                            },
                            range: Range {
                                start: 1,
                                end: 7,
                            },
                        },
                    },
                    VariableName(
                        VariableName {
                            name: "string",
                        },
                    ),
                ),
            },
        ),
    ),
)