Some(
    Node(
        Token {
            span: Span {
                start: Point {
                    line: 1,
                    column: 1,
                },
                end: Point {
                    line: 1,
                    column: 2,
                },
                range: Range {
                    start: 0,
                    end: 1,
                },
            },
        },
        FragmentNamed(
            "A::parse",
        ),
    ),
)